["a"]
["?q"]
["pear"]
[["grape", "a"]]
["o"]
[[["raisin", "pear"], "a"]]
["?q"]
["o"]
[["a", "c", "o", "r", "n"]]
[[["a", "b", "c"], "d", "e"]]
["d"]
[["e", "a", "d", "c"]]
["d"]
[["d", "a", "d", "c"]]
[["d", "a", "d", "c"]]
