[ "?x" ]
[ [] ]
[ [], ["?a_82"], ["?a_82", "?a_89"] ]
