{ "solutions": [{ "abc": ["a", "b", "c"] }] }
{ "solutions": [{ "a": "a", "b": "b", "c": "c" }] }
{ "solutions": [{ "empty": [] }] }
