{ "success": true, "count": 1, "solutions": [{ "x": true, "y": false }] }
