- solution: []
  goals:
    - unify "?x" = true
    - unify "?y" = false

- solution:
    - "true"
  goals:
    - unify "?y" = false

- solution:
    - "false"
    - "true"
  goals: []

[ [true, false] ]
