{ "success": true, "count": 1, "solutions": [[["a", "b", "c"]]] }
{ "success": true, "count": 1, "solutions": [["a", "b", "c"]] }
{ "success": true, "count": 1, "solutions": [[[]]] }
{ "success": true, "count": 1, "solutions": [["a", ["b", "c"]]] }
{ "success": true, "count": 1, "solutions": [["a", "b"]] }
{ "success": true, "count": 1, "solutions": [["a", "b", ["a", {"...": "b"}]]] }
