{ "success": true, "count": 1, "solutions": [{ "x": 100, "y": -100, "z": 3.14 }] }
