{ "solutions": [{ "abc": { "a": "a", "b": "b", "c": "c" } }] }
{ "solutions": [{ "a": "a", "b": "b", "c": "c" }] }
