{ "success": true, "count": 1, "solutions": [[{ "a": "a", "b": "b", "c": "c" }]] }
{ "success": true, "count": 1, "solutions": [["a", "b", "c"]] }
{ "success": true, "count": 1, "solutions": [[{  }]] }
