{ "success": true, "count": 1, "solutions": [["abc"]] }
