{ "success": true, "count": 3, "solutions": [["marx"], ["darwin"], ["freud"]] }
