{ "success": true, "count": 5, "solutions": [["g"], ["h"], ["d"], ["f"], ["c"]] }
{ "success": true, "count": 2, "solutions": [["h"], ["g"]] }
{ "success": true, "count": 22, "solutions": [["?y", "?y"], ["g", "h"], ["g", "d"], ["e", "d"], ["h", "f"], ["e", "f"], ["a", "e"], ["a", "b"], ["b", "f"], ["b", "c"], ["f", "c"], ["g", "f"], ["h", "c"], ["e", "c"], ["a", "d"], ["a", "f"], ["a", "f"], ["a", "c"], ["b", "c"], ["g", "c"], ["a", "c"], ["a", "c"]] }
