{ "solutions": [{ "left": "mary" }, { "left": "john" }, { "left": "fred" }] }
{ "solutions": [{ "left": "mary", "right": "mary" }, { "left": "mary", "right": "john" }, { "left": "mary", "right": "fred" }, { "left": "john", "right": "mary" }, { "left": "john", "right": "john" }, { "left": "john", "right": "fred" }, { "left": "fred", "right": "mary" }, { "left": "fred", "right": "john" }, { "left": "fred", "right": "fred" }] }
{ "solutions": [{ "left": "john", "right": "john", "alcohol": "martini" }, { "left": "mary", "right": "mary", "alcohol": "gin" }, { "left": "mary", "right": "john", "alcohol": "gin" }, { "left": "mary", "right": "fred", "alcohol": "gin" }, { "left": "susan", "right": "susan", "alcohol": "vodka" }, { "left": "susan", "right": "fred", "alcohol": "vodka" }, { "left": "john", "right": "mary", "alcohol": "gin" }, { "left": "john", "right": "john", "alcohol": "gin" }, { "left": "john", "right": "fred", "alcohol": "gin" }, { "left": "fred", "right": "mary", "alcohol": "gin" }, { "left": "fred", "right": "john", "alcohol": "gin" }, { "left": "fred", "right": "fred", "alcohol": "gin" }, { "left": "fred", "right": "susan", "alcohol": "vodka" }, { "left": "fred", "right": "fred", "alcohol": "vodka" }] }
