{ "success": true, "count": 7, "solutions": [{ "to_kent": "sussex" }, { "to_kent": "hampshire" }, { "to_kent": "hampshire" }, { "to_kent": "berkshire" }, { "to_kent": "kent" }, { "to_kent": "surrey" }, { "to_kent": "kent" }] }
{ "success": true, "count": 10, "solutions": [{ "to_sussex": "kent" }, { "to_sussex": "sussex" }, { "to_sussex": "surrey" }, { "to_sussex": "sussex" }, { "to_sussex": "hampshire" }, { "to_sussex": "berkshire" }, { "to_sussex": "sussex" }, { "to_sussex": "surrey" }, { "to_sussex": "berkshire" }, { "to_sussex": "wiltshire" }] }
{ "success": true, "count": 58, "solutions": [{ "x": "sussex", "y": "kent" }, { "x": "hampshire", "y": "kent" }, { "x": "hampshire", "y": "surrey" }, { "x": "hampshire", "y": "kent" }, { "x": "hampshire", "y": "surrey" }, { "x": "berkshire", "y": "kent" }, { "x": "wiltshire", "y": "sussex" }, { "x": "wiltshire", "y": "surrey" }, { "x": "wiltshire", "y": "berkshire" }, { "x": "wiltshire", "y": "surrey" }, { "x": "sussex", "y": "sussex" }, { "x": "sussex", "y": "surrey" }, { "x": "sussex", "y": "sussex" }, { "x": "sussex", "y": "hampshire" }, { "x": "sussex", "y": "berkshire" }, { "x": "surrey", "y": "sussex" }, { "x": "surrey", "y": "surrey" }, { "x": "hampshire", "y": "hampshire" }, { "x": "hampshire", "y": "sussex" }, { "x": "hampshire", "y": "hampshire" }, { "x": "hampshire", "y": "berkshire" }, { "x": "hampshire", "y": "hampshire" }, { "x": "hampshire", "y": "wiltshire" }, { "x": "berkshire", "y": "sussex" }, { "x": "berkshire", "y": "hampshire" }, { "x": "berkshire", "y": "berkshire" }, { "x": "wiltshire", "y": "wiltshire" }, { "x": "wiltshire", "y": "hampshire" }, { "x": "wiltshire", "y": "wiltshire" }, { "x": "kent", "y": "kent" }, { "x": "kent", "y": "surrey" }, { "x": "surrey", "y": "kent" }, { "x": "surrey", "y": "surrey" }, { "x": "kent", "y": "kent" }, { "x": "sussex", "y": "sussex" }, { "x": "sussex", "y": "surrey" }, { "x": "sussex", "y": "berkshire" }, { "x": "surrey", "y": "sussex" }, { "x": "surrey", "y": "surrey" }, { "x": "surrey", "y": "berkshire" }, { "x": "berkshire", "y": "sussex" }, { "x": "berkshire", "y": "surrey" }, { "x": "berkshire", "y": "berkshire" }, { "x": "surrey", "y": "surrey" }, { "x": "hampshire", "y": "hampshire" }, { "x": "hampshire", "y": "berkshire" }, { "x": "berkshire", "y": "hampshire" }, { "x": "berkshire", "y": "berkshire" }, { "x": "kent", "y": "hampshire" }, { "x": "surrey", "y": "hampshire" }, { "x": "kent", "y": "sussex" }, { "x": "kent", "y": "hampshire" }, { "x": "kent", "y": "berkshire" }, { "x": "sussex", "y": "wiltshire" }, { "x": "surrey", "y": "wiltshire" }, { "x": "berkshire", "y": "wiltshire" }, { "x": "surrey", "y": "hampshire" }, { "x": "surrey", "y": "wiltshire" }] }
